// Vitest Snapshot v1

exports[`<Header/> > should render component 1`] = `
<header
  className="_header_1cbxc_1"
>
  <div>
    <div
      className="_menuItem_ublvl_1"
    >
      <a
        className="_appName_1cbxc_9"
        href="/"
        onClick={[Function]}
      >
        <style
          dangerouslySetInnerHTML={
            {
              "__html": ".css-teqmh5{font-size:16px;}",
            }
          }
          data-emotion="css teqmh5"
        />
        <span
          aria-label="map"
          className="css-teqmh5"
          role="img"
          size="sm"
        >
          ðŸ—º
        </span>
        Basho
      </a>
    </div>
  </div>
  <div
    className="_leftNav_1cbxc_18"
  >
    <div
      className="_menuItem_ublvl_1"
    >
      <a
        href="/login"
        onClick={[Function]}
      >
        Log In
      </a>
    </div>
  </div>
</header>
`;
