// Vitest Snapshot v1, https://vitest.dev/guide/snapshot.html

exports[`<Header/> > should render component 1`] = `
<header
  className="flex items-center justify-between py-2 max-md:px-2"
>
  <div
    className="_menuItem_02ca72"
  >
    <a
      className="text-primary font-semibold"
      href="/"
      onClick={[Function]}
    >
      Rocco
    </a>
  </div>
  <div
    className="_menuItem_02ca72"
  >
    <a
      className="btn bg-blue-600 border-none min-h-0 h-10 text-white ml-4"
      href="/login"
      onClick={[Function]}
    >
      Log In
    </a>
  </div>
</header>
`;
